com.foundationdb.sql.parser.AlterTableNode@1327b0d2
name: t3
statementType: ALTER TABLE
objectName: t3
compressTable: false
sequential: false
truncateTable: false
purge: false
defragment: false
truncateEndOfTable: false
updateStatistics: false
updateStatisticsAll: false
indexNameForUpdateStatistics: null
existenceCheck: NO_CONDITION
tableElementList: 	
	com.foundationdb.sql.parser.TableElementList@12c9b4d1

	[0]:	
	com.foundationdb.sql.parser.FKConstraintDefinitionNode@787e0ef9
	refTable name : null
	matchType: null
	grouping: true
	deferrable: false
	initiallyDeferred: false
	constraintName: null
	constraintType: DROP
	verifyType: FOREIGN_KEY
	properties: null
	existenceCheck: IF_EXISTS
	name: null
	elementType: AT_DROP_CONSTRAINT
