com.foundationdb.sql.parser.AlterServerNode@3934f69a
statementType: ALTER SERVER
sessionType: INTERRUPT_SESSION
sessionID: 42
