com.foundationdb.sql.parser.AlterTableNode@33c36633
name: t1
statementType: ALTER TABLE
objectName: t1
compressTable: false
sequential: false
truncateTable: false
purge: false
defragment: false
truncateEndOfTable: false
updateStatistics: false
updateStatisticsAll: false
indexNameForUpdateStatistics: null
existenceCheck: NO_CONDITION
tableElementList: 	
	com.foundationdb.sql.parser.TableElementList@616ab8d1

	[0]:	
	com.foundationdb.sql.parser.ModifyColumnNode@258bd34e
	type: null
	autoIncrementStart: 100
	autoIncrementIncrement: 1
	name: c
	elementType: AT_MODIFY_COLUMN
