com.foundationdb.sql.parser.AlterTableNode@9a8d9b
name: t1
statementType: ALTER TABLE
objectName: t1
compressTable: false
sequential: false
truncateTable: false
purge: false
defragment: false
truncateEndOfTable: false
updateStatistics: false
updateStatisticsAll: false
indexNameForUpdateStatistics: null
existenceCheck: NO_CONDITION
tableElementList: 	
	com.foundationdb.sql.parser.TableElementList@22c6bb6c

	[0]:	
	com.foundationdb.sql.parser.ModifyColumnNode@253ac14a
	type: null
	autoIncrementStart: 0
	autoIncrementIncrement: 2
	name: c
	elementType: AT_MODIFY_COLUMN
