com.foundationdb.sql.parser.AlterServerNode@2321ab80
statementType: ALTER SERVER
shutdown immediate: false
