com.foundationdb.sql.parser.AlterTableNode@4dd849ae
name: t1
statementType: ALTER TABLE
objectName: t1
compressTable: false
sequential: false
truncateTable: false
purge: false
defragment: false
truncateEndOfTable: false
updateStatistics: false
updateStatisticsAll: false
indexNameForUpdateStatistics: null
existenceCheck: NO_CONDITION
tableElementList: 	
	com.foundationdb.sql.parser.TableElementList@32cd666f

	[0]:	
	com.foundationdb.sql.parser.AlterTableRenameNode@4b001b77
	name: t2
	elementType: AT_RENAME
