com.foundationdb.sql.parser.CloseStatementNode@6baa9f99
name: curs
statementType: CLOSE
