com.foundationdb.sql.parser.CreateTableNode@43f46f3b
name: t8
statementType: CREATE TABLE
withData: false
lockGranularity: R
existenceCheck: NO_CONDITION
tableElementList: 	
	com.foundationdb.sql.parser.TableElementList@64b2ad57

	[0]:	
	com.foundationdb.sql.parser.ColumnDefinitionNode@e925e67
	type: VARCHAR(10) CHARACTER SET latin1 COLLATE en_GB NOT NULL
	name: s
	elementType: null