com.foundationdb.sql.parser.CreateTableNode@36b8bef7
name: t7
statementType: CREATE TABLE
withData: false
lockGranularity: R
existenceCheck: NO_CONDITION
tableElementList: 	
	com.foundationdb.sql.parser.TableElementList@1b016632

	[0]:	
	com.foundationdb.sql.parser.ConstraintDefinitionNode@78dc6a77
	constraintName: null
	constraintType: PRIMARY_KEY
	properties: null
	name: null
	elementType: AT_DROP_CONSTRAINT
	columnList: 		
		com.foundationdb.sql.parser.ResultColumnList@4ed1e89e

		[0]:		
		com.foundationdb.sql.parser.ResultColumn@36ff057f
		exposedName: c1
		name: c1
		tableName: null
		isDefaultColumn: false
		type: null
	[1]:	
	com.foundationdb.sql.parser.ColumnDefinitionNode@20c1f10e
	type: INTEGER NOT NULL
	autoIncrementStart: 1
	autoIncrementIncrement: 5
	name: c1
	elementType: null
	default: 		
		com.foundationdb.sql.parser.DefaultNode@1cb8deef
		columnName: null
		defaultText: null
		type: null