com.foundationdb.sql.parser.DeclareStatementNode@5de9ac4
name: pc
statementType: DECLARE
statement: 	
	com.foundationdb.sql.parser.CursorNode@5982bcde
	name: null
	updateMode: UNSPECIFIED
	statementType: SELECT
	resultSet: 		
		com.foundationdb.sql.parser.SelectNode@163dc0bb
		isDistinct: false
		resultColumns: 			
			com.foundationdb.sql.parser.ResultColumnList@30384065

			[0]:			
			com.foundationdb.sql.parser.AllResultColumn@3d0bbf9e
			tableName: null
			exposedName: null
			name: null
			tableName: null
			isDefaultColumn: false
			type: null
		fromList: 			
			com.foundationdb.sql.parser.FromList@4e513d61

			[0]:			
			com.foundationdb.sql.parser.FromBaseTable@3794d372
			tableName: t1
			updateOrDelete: null
			null
			correlation Name: null
			null
