com.foundationdb.sql.parser.DropGroupNode@47d62270
name: t2
statementType: DROP GROUP
existenceCheck: IF_EXISTS
