com.foundationdb.sql.parser.ExplainStatementNode@20c1f10e
statementType: EXPLAIN
statement: 	
	com.foundationdb.sql.parser.CursorNode@1cb8deef
	name: null
	updateMode: UNSPECIFIED
	statementType: SELECT
	resultSet: 		
		com.foundationdb.sql.parser.SelectNode@2d342ba4
		isDistinct: false
		resultColumns: 			
			com.foundationdb.sql.parser.ResultColumnList@3c1d332b

			[0]:			
			com.foundationdb.sql.parser.ResultColumn@210a6ae2
			exposedName: x
			name: x
			tableName: null
			isDefaultColumn: false
			type: null
			expression: 				
				com.foundationdb.sql.parser.ColumnReference@32ef2c60
				columnName: x
				tableName: null
				type: null
			[1]:			
			com.foundationdb.sql.parser.ResultColumn@744a6cbf
			exposedName: y
			name: y
			tableName: null
			isDefaultColumn: false
			type: null
			expression: 				
				com.foundationdb.sql.parser.ColumnReference@4229ab3e
				columnName: y
				tableName: null
				type: null
		fromList: 			
			com.foundationdb.sql.parser.FromList@3da99561

			[0]:			
			com.foundationdb.sql.parser.FromBaseTable@488e32e7
			tableName: t
			updateOrDelete: null
			null
			correlation Name: null
			null
