com.foundationdb.sql.parser.CursorNode@4c63c68
name: null
updateMode: UNSPECIFIED
statementType: SELECT
resultSet: 	
	com.foundationdb.sql.parser.SelectNode@72a7d24a
	isDistinct: false
	resultColumns: 		
		com.foundationdb.sql.parser.ResultColumnList@67df3314

		[0]:		
		com.foundationdb.sql.parser.ResultColumn@6e929b52
		exposedName: null
		name: null
		tableName: null
		isDefaultColumn: false
		type: null
		expression: 			
			com.foundationdb.sql.parser.InListOperatorNode@5b135d34
			operator: IN
			methodName: in
			type: null
			leftOperand: 				
				com.foundationdb.sql.parser.RowConstructorNode@544c2fa2
				depth: 4
			rightOperandList: 				
				com.foundationdb.sql.parser.RowConstructorNode@55cb5fea
				depth: 5
	fromList: 		
		com.foundationdb.sql.parser.FromList@1b0627a7
