com.foundationdb.sql.parser.CursorNode@424ecfdd
name: null
updateMode: UNSPECIFIED
statementType: SELECT
resultSet: 	
	com.foundationdb.sql.parser.SelectNode@4430d82d
	isDistinct: false
	resultColumns: 		
		com.foundationdb.sql.parser.ResultColumnList@62c09554

		[0]:		
		com.foundationdb.sql.parser.ResultColumn@518bf072
		exposedName: null
		name: null
		tableName: null
		isDefaultColumn: false
		type: null
		expression: 			
			com.foundationdb.sql.parser.BinaryBitOperatorNode@3a56f631
			operator: |
			methodName: bitor
			type: null
			leftOperand: 				
				com.foundationdb.sql.parser.BinaryBitOperatorNode@233d28e3
				operator: &
				methodName: bitand
				type: null
				leftOperand: 					
					com.foundationdb.sql.parser.ColumnReference@4476128
					columnName: z
					tableName: null
					type: null
				rightOperand: 					
					com.foundationdb.sql.parser.ColumnReference@6a3b8b49
					columnName: y
					tableName: null
					type: null
			rightOperand: 				
				com.foundationdb.sql.parser.ColumnReference@6b359c1b
				columnName: z
				tableName: null
				type: null
	fromList: 		
		com.foundationdb.sql.parser.FromList@c9be79a

		[0]:		
		com.foundationdb.sql.parser.FromBaseTable@4f8235ed
		tableName: bits
		updateOrDelete: null
		null
		correlation Name: null
		null
