com.foundationdb.sql.parser.RenameNode@162200d5
statementType: RENAME INDEX
oldIndexName:
index1
newIndexName: 
index2
