com.foundationdb.sql.parser.CursorNode@37fd6bea
name: null
updateMode: UNSPECIFIED
statementType: SELECT
resultSet: 	
	com.foundationdb.sql.parser.SelectNode@5eb7ec5d
	isDistinct: false
	resultColumns: 		
		com.foundationdb.sql.parser.ResultColumnList@7cfefe3f

		[0]:		
		com.foundationdb.sql.parser.ResultColumn@48e61a35
		exposedName: id
		name: id
		tableName: null
		isDefaultColumn: false
		type: null
		expression: 			
			com.foundationdb.sql.parser.ColumnReference@7ac2b2f6
			columnName: id
			tableName: null
			type: null
		[1]:		
		com.foundationdb.sql.parser.ResultColumn@4737371
		exposedName: null
		name: null
		tableName: null
		isDefaultColumn: false
		type: null
		expression: 			
			com.foundationdb.sql.parser.NextSequenceNode@37a001ff
			type: null
			Sequence: test.new_sequence
	fromList: 		
		com.foundationdb.sql.parser.FromList@5f49d886

		[0]:		
		com.foundationdb.sql.parser.FromBaseTable@69267649
		tableName: customers
		updateOrDelete: null
		null
		correlation Name: null
		null
