com.foundationdb.sql.parser.SetSchemaNode@97494c8
statementType: SET SCHEMA
schemaName: 
test
